// Jest Snapshot v1, https://goo.gl/fbAQLP

exports[`should render the Authentication Wrapper 1`] = `
<div>
  <div>
    Login
  </div>
</div>
`;
