// Jest Snapshot v1, https://goo.gl/fbAQLP

exports[`should render GameSetup screen 1`] = `
<p>
  Game Setup page
</p>
`;
