// Jest Snapshot v1, https://goo.gl/fbAQLP

exports[`should render the NotFoundPage screen 1`] = `
<div>
  404 - 
  <Link
    to="/"
  >
    Return to Welcome Page
  </Link>
</div>
`;
